[2026-04-09T19:09:04.157Z] Auto-verify failed: 
Invalid `prisma.$executeRawUnsafe()` invocation:


Can't reach database server at `ischyvihgnfuncrkopph.db.ap-south-1.nhost.run:5432`

Please make sure your database server is running at `ischyvihgnfuncrkopph.db.ap-south-1.nhost.run:5432`.
[2026-04-09T19:09:09.186Z] Prisma upsert failed: 
Invalid `prisma.user.upsert()` invocation:


Can't reach database server at `ischyvihgnfuncrkopph.db.ap-south-1.nhost.run:5432`

Please make sure your database server is running at `ischyvihgnfuncrkopph.db.ap-south-1.nhost.run:5432`.
[2026-04-09T19:09:09.187Z] Prisma sync failed during registration: 
Invalid `prisma.user.upsert()` invocation:


Can't reach database server at `ischyvihgnfuncrkopph.db.ap-south-1.nhost.run:5432`

Please make sure your database server is running at `ischyvihgnfuncrkopph.db.ap-south-1.nhost.run:5432`.

[2026-04-09T19:52:48.203Z] Auto-verify successful
[2026-04-09T19:52:48.326Z] Prisma upsert successful
[2026-04-09T19:52:48.432Z] Notification successful
[2026-04-09T20:00:58.856Z] Auto-verify successful
[2026-04-09T20:00:58.978Z] Prisma upsert successful
[2026-04-09T20:00:59.057Z] Notification successful
[2026-04-09T20:17:20.100Z] Auto-verify successful
[2026-04-09T20:17:20.245Z] Prisma upsert successful
[2026-04-09T20:17:20.360Z] Notification successful
[2026-04-09T20:30:20.341Z] Auto-verify successful
[2026-04-09T20:30:20.452Z] Prisma upsert successful
[2026-04-09T20:30:20.620Z] Notification successful
[2026-04-09T20:43:40.984Z] Auto-verify successful
[2026-04-09T20:43:41.164Z] Prisma upsert successful
[2026-04-09T20:43:41.248Z] Notification successful
